%MSG-s LegacyModules:  AfterModConstruction 30-Jan-2023 09:18:01 CST pre-events
The following legacy modules are configured. Support for legacy modules
is going to end soon. These modules need to be converted to have type
edm::global, edm::stream, edm::one, or in rare cases edm::limited.
  L1TCaloLayer1LUTWriter l1tCaloLayer1LUTWriter
%MSG
Begin processing the 1st record. Run 1, Event 1, LumiSection 1 on stream 0 at 30-Jan-2023 09:20:44.688 CST


A fatal system signal has occurred: segmentation violation
The following is the call stack containing the origin of the signal.

Mon Jan 30 09:20:45 CST 2023
Thread 2 (Thread 0x7fa3256b7700 (LWP 155730) "cmsRun"):
#0  0x00007fa349e361d9 in waitpid () from /lib64/libpthread.so.0
#1  0x00007fa3434a5fd7 in edm::service::cmssw_stacktrace_fork() () from /cvmfs/cms.cern.ch/slc7_amd64_gcc10/cms/cmssw/CMSSW_12_3_0_pre6/lib/slc7_amd64_gcc10/pluginFWCoreServicesPlugins.so
#2  0x00007fa3434a6b4a in edm::service::InitRootHandlers::stacktraceHelperThread() () from /cvmfs/cms.cern.ch/slc7_amd64_gcc10/cms/cmssw/CMSSW_12_3_0_pre6/lib/slc7_amd64_gcc10/pluginFWCoreServicesPlugins.so
#3  0x00007fa34a42ef90 in std::execute_native_thread_routine (__p=0x7fa337272620) at ../../../../../libstdc++-v3/src/c++11/thread.cc:80
#4  0x00007fa349e2eea5 in start_thread () from /lib64/libpthread.so.0
#5  0x00007fa349b56b0d in clone () from /lib64/libc.so.6
Thread 1 (Thread 0x7fa347ca9540 (LWP 155607) "cmsRun"):
#0  0x00007fa349b4bddd in poll () from /lib64/libc.so.6
#1  0x00007fa3434a628f in full_read.constprop () from /cvmfs/cms.cern.ch/slc7_amd64_gcc10/cms/cmssw/CMSSW_12_3_0_pre6/lib/slc7_amd64_gcc10/pluginFWCoreServicesPlugins.so
#2  0x00007fa3434a6c1c in edm::service::InitRootHandlers::stacktraceFromThread() () from /cvmfs/cms.cern.ch/slc7_amd64_gcc10/cms/cmssw/CMSSW_12_3_0_pre6/lib/slc7_amd64_gcc10/pluginFWCoreServicesPlugins.so
#3  0x00007fa3434a956b in sig_dostack_then_abort () from /cvmfs/cms.cern.ch/slc7_amd64_gcc10/cms/cmssw/CMSSW_12_3_0_pre6/lib/slc7_amd64_gcc10/pluginFWCoreServicesPlugins.so
#4  <signal handler called>
#5  0x00007fa31a29d903 in L1TCaloLayer1FetchLUTs(L1TCaloLayer1FetchLUTsTokens const&, edm::EventSetup const&, std::vector<std::array<std::array<std::array<unsigned int, 256ul>, 2ul>, 28ul>, std::allocator<std::array<std::array<std::array<unsigned int, 256ul>, 2ul>, 28ul> > >&, std::vector<std::array<std::array<std::array<unsigned int, 256ul>, 2ul>, 28ul>, std::allocator<std::array<std::array<std::array<unsigned int, 256ul>, 2ul>, 28ul> > >&, std::vector<std::array<std::array<unsigned int, 256ul>, 12ul>, std::allocator<std::array<std::array<unsigned int, 256ul>, 12ul> > >&, std::vector<std::array<unsigned long, 2ul>, std::allocator<std::array<unsigned long, 2ul> > >&, std::vector<unsigned int, std::allocator<unsigned int> >&, std::vector<unsigned int, std::allocator<unsigned int> >&, std::vector<unsigned int, std::allocator<unsigned int> >&, bool, bool, bool, bool, bool, bool, int) () from /afs/hep.wisc.edu/user/vshang/public/SWATCH/CMSSW_12_3_0_pre6/lib/slc7_amd64_gcc10/libL1TriggerL1TCaloLayer1.so
#6  0x00007fa31a2cb1b3 in L1TCaloLayer1LUTWriter::analyze(edm::Event const&, edm::EventSetup const&) () from /afs/hep.wisc.edu/user/vshang/public/SWATCH/CMSSW_12_3_0_pre6/lib/slc7_amd64_gcc10/pluginL1TriggerL1TCaloLayer1LUTWriterAuto.so
#7  0x00007fa34c448110 in edm::EDAnalyzer::doEvent(edm::EventTransitionInfo const&, edm::ActivityRegistry*, edm::ModuleCallingContext const*) () from /cvmfs/cms.cern.ch/slc7_amd64_gcc10/cms/cmssw/CMSSW_12_3_0_pre6/lib/slc7_amd64_gcc10/libFWCoreFramework.so
#8  0x00007fa34c59f24f in edm::WorkerT<edm::EDAnalyzer>::implDo(edm::EventTransitionInfo const&, edm::ModuleCallingContext const*) () from /cvmfs/cms.cern.ch/slc7_amd64_gcc10/cms/cmssw/CMSSW_12_3_0_pre6/lib/slc7_amd64_gcc10/libFWCoreFramework.so
#9  0x00007fa34c4fafc5 in decltype ({parm#1}()) edm::convertException::wrap<edm::Worker::runModule<edm::OccurrenceTraits<edm::EventPrincipal, (edm::BranchActionType)1> >(edm::OccurrenceTraits<edm::EventPrincipal, (edm::BranchActionType)1>::TransitionInfoType const&, edm::StreamID, edm::ParentContext const&, edm::OccurrenceTraits<edm::EventPrincipal, (edm::BranchActionType)1>::Context const*)::{lambda()#1}>(edm::Worker::runModule<edm::OccurrenceTraits<edm::EventPrincipal, (edm::BranchActionType)1> >(edm::OccurrenceTraits<edm::EventPrincipal, (edm::BranchActionType)1>::TransitionInfoType const&, edm::StreamID, edm::ParentContext const&, edm::OccurrenceTraits<edm::EventPrincipal, (edm::BranchActionType)1>::Context const*)::{lambda()#1}) () from /cvmfs/cms.cern.ch/slc7_amd64_gcc10/cms/cmssw/CMSSW_12_3_0_pre6/lib/slc7_amd64_gcc10/libFWCoreFramework.so
#10 0x00007fa34c4fb2bb in std::__exception_ptr::exception_ptr edm::Worker::runModuleAfterAsyncPrefetch<edm::OccurrenceTraits<edm::EventPrincipal, (edm::BranchActionType)1> >(std::__exception_ptr::exception_ptr const*, edm::OccurrenceTraits<edm::EventPrincipal, (edm::BranchActionType)1>::TransitionInfoType const&, edm::StreamID, edm::ParentContext const&, edm::OccurrenceTraits<edm::EventPrincipal, (edm::BranchActionType)1>::Context const*) () from /cvmfs/cms.cern.ch/slc7_amd64_gcc10/cms/cmssw/CMSSW_12_3_0_pre6/lib/slc7_amd64_gcc10/libFWCoreFramework.so
#11 0x00007fa34c4fde19 in void edm::SerialTaskQueueChain::actionToRun<edm::Worker::RunModuleTask<edm::OccurrenceTraits<edm::EventPrincipal, (edm::BranchActionType)1> >::execute()::{lambda()#1}&>(edm::Worker::RunModuleTask<edm::OccurrenceTraits<edm::EventPrincipal, (edm::BranchActionType)1> >::execute()::{lambda()#1}&) () from /cvmfs/cms.cern.ch/slc7_amd64_gcc10/cms/cmssw/CMSSW_12_3_0_pre6/lib/slc7_amd64_gcc10/libFWCoreFramework.so
#12 0x00007fa34c4fe071 in edm::SerialTaskQueue::QueuedTask<edm::SerialTaskQueueChain::push<edm::Worker::RunModuleTask<edm::OccurrenceTraits<edm::EventPrincipal, (edm::BranchActionType)1> >::execute()::{lambda()#1}&>(tbb::detail::d1::task_group&, edm::Worker::RunModuleTask<edm::OccurrenceTraits<edm::EventPrincipal, (edm::BranchActionType)1> >::execute()::{lambda()#1}&)::{lambda()#1}>::execute() () from /cvmfs/cms.cern.ch/slc7_amd64_gcc10/cms/cmssw/CMSSW_12_3_0_pre6/lib/slc7_amd64_gcc10/libFWCoreFramework.so
#13 0x00007fa34c6f6075 in tbb::detail::d1::function_task<edm::SerialTaskQueue::spawn(edm::SerialTaskQueue::TaskBase&)::{lambda()#1}>::execute(tbb::detail::d1::execution_data&) () from /cvmfs/cms.cern.ch/slc7_amd64_gcc10/cms/cmssw/CMSSW_12_3_0_pre6/lib/slc7_amd64_gcc10/libFWCoreConcurrency.so
#14 0x00007fa34ac4ab8c in tbb::detail::r1::task_dispatcher::local_wait_for_all<false, tbb::detail::r1::external_waiter> (waiter=..., t=0x7fa347163100, this=0x7fa347167e00) at /data/cmsbld/jenkins/workspace/auto-builds/CMSSW_12_3_0_pre6-slc7_amd64_gcc10/build/CMSSW_12_3_0_pre6-build/BUILD/slc7_amd64_gcc10/external/tbb/v2021.4.0-d0152ca29055e3a1bbf629673f6e97c4/tbb-v2021.4.0/src/tbb/task_dispatcher.h:322
#15 tbb::detail::r1::task_dispatcher::local_wait_for_all<tbb::detail::r1::external_waiter> (waiter=..., t=<optimized out>, this=0x7fa347167e00) at /data/cmsbld/jenkins/workspace/auto-builds/CMSSW_12_3_0_pre6-slc7_amd64_gcc10/build/CMSSW_12_3_0_pre6-build/BUILD/slc7_amd64_gcc10/external/tbb/v2021.4.0-d0152ca29055e3a1bbf629673f6e97c4/tbb-v2021.4.0/src/tbb/task_dispatcher.h:463
#16 tbb::detail::r1::task_dispatcher::execute_and_wait (t=<optimized out>, wait_ctx=..., w_ctx=...) at /data/cmsbld/jenkins/workspace/auto-builds/CMSSW_12_3_0_pre6-slc7_amd64_gcc10/build/CMSSW_12_3_0_pre6-build/BUILD/slc7_amd64_gcc10/external/tbb/v2021.4.0-d0152ca29055e3a1bbf629673f6e97c4/tbb-v2021.4.0/src/tbb/task_dispatcher.cpp:168
#17 0x00007fa34c46b9d8 in edm::EventProcessor::processLumis(std::shared_ptr<void> const&) () from /cvmfs/cms.cern.ch/slc7_amd64_gcc10/cms/cmssw/CMSSW_12_3_0_pre6/lib/slc7_amd64_gcc10/libFWCoreFramework.so
#18 0x00007fa34c47682b in edm::EventProcessor::runToCompletion() () from /cvmfs/cms.cern.ch/slc7_amd64_gcc10/cms/cmssw/CMSSW_12_3_0_pre6/lib/slc7_amd64_gcc10/libFWCoreFramework.so
#19 0x000000000040a266 in tbb::detail::d1::task_arena_function<main::{lambda()#1}::operator()() const::{lambda()#1}, void>::operator()() const ()
#20 0x00007fa34ac3915b in tbb::detail::r1::task_arena_impl::execute (ta=..., d=...) at /data/cmsbld/jenkins/workspace/auto-builds/CMSSW_12_3_0_pre6-slc7_amd64_gcc10/build/CMSSW_12_3_0_pre6-build/BUILD/slc7_amd64_gcc10/external/tbb/v2021.4.0-d0152ca29055e3a1bbf629673f6e97c4/tbb-v2021.4.0/src/tbb/arena.cpp:698
#21 0x000000000040b094 in main::{lambda()#1}::operator()() const ()
#22 0x000000000040971c in main ()

Current Modules:

Module: L1TCaloLayer1LUTWriter:l1tCaloLayer1LUTWriter (crashed)

A fatal system signal has occurred: segmentation violation
